build-validate-deploy	Set up job	﻿2026-08-25T01:27:27.6833435Z Current runner version: '2.336.0'
build-validate-deploy	Set up job	2026-08-25T01:27:27.6860486Z ##[group]Runner Image Provisioner
build-validate-deploy	Set up job	2026-08-25T01:27:27.6861405Z Hosted Compute Agent
build-validate-deploy	Set up job	2026-08-25T01:27:27.6862477Z Version: 20260729.566
build-validate-deploy	Set up job	2026-08-25T01:27:27.6863165Z Commit: cf7153fe6e25b664e8693c24944bf2b00355d109
build-validate-deploy	Set up job	2026-08-25T01:27:27.6863857Z Build Date: 2026-07-29T19:17:02Z
build-validate-deploy	Set up job	2026-08-25T01:27:27.6864570Z Worker ID: {beb1c7c3-a635-4577-82a3-721f63b9da9d}
build-validate-deploy	Set up job	2026-08-25T01:27:27.6865254Z Azure Region: westcentralus
build-validate-deploy	Set up job	2026-08-25T01:27:27.6866257Z ##[endgroup]
build-validate-deploy	Set up job	2026-08-25T01:27:27.6867928Z ##[group]Operating System
build-validate-deploy	Set up job	2026-08-25T01:27:27.6868527Z Ubuntu
build-validate-deploy	Set up job	2026-08-25T01:27:27.6869124Z 24.04.4
build-validate-deploy	Set up job	2026-08-25T01:27:27.6869619Z LTS
build-validate-deploy	Set up job	2026-08-25T01:27:27.6870136Z ##[endgroup]
build-validate-deploy	Set up job	2026-08-25T01:27:27.6870754Z ##[group]Runner Image
build-validate-deploy	Set up job	2026-08-25T01:27:27.6871350Z Image: ubuntu-24.04
build-validate-deploy	Set up job	2026-08-25T01:27:27.6871951Z Version: 20260816.277.1
build-validate-deploy	Set up job	2026-08-25T01:27:27.6872952Z Included Software: https://github.com/actions/runner-images/blob/ubuntu24/20260816.277/images/ubuntu/Ubuntu2404-Readme.md
build-validate-deploy	Set up job	2026-08-25T01:27:27.6874653Z Image Release: https://github.com/actions/runner-images/releases/tag/ubuntu24%2F20260816.277
build-validate-deploy	Set up job	2026-08-25T01:27:27.6875526Z ##[endgroup]
build-validate-deploy	Set up job	2026-08-25T01:27:27.6876798Z ##[group]GITHUB_TOKEN Permissions
build-validate-deploy	Set up job	2026-08-25T01:27:27.6879192Z Contents: write
build-validate-deploy	Set up job	2026-08-25T01:27:27.6879907Z Metadata: read
build-validate-deploy	Set up job	2026-08-25T01:27:27.6880438Z ##[endgroup]
build-validate-deploy	Set up job	2026-08-25T01:27:27.6882792Z Secret source: Actions
build-validate-deploy	Set up job	2026-08-25T01:27:27.6883795Z Prepare workflow directory
build-validate-deploy	Set up job	2026-08-25T01:27:27.7323394Z Prepare all required actions
build-validate-deploy	Set up job	2026-08-25T01:27:27.7371592Z Getting action download info
build-validate-deploy	Set up job	2026-08-25T01:27:28.0572552Z Download action repository 'actions/checkout@v4' (SHA:11d5960a326750d5838078e36cf38b85af677262)
build-validate-deploy	Set up job	2026-08-25T01:27:28.1375150Z Download action repository 'actions/setup-node@v4' (SHA:49933ea5288caeca8642d1e84afbd3f7d6820020)
build-validate-deploy	Set up job	2026-08-25T01:27:28.2094621Z Download action repository 'cloudflare/wrangler-action@v3' (SHA:9acf94ace14e7dc412b076f2c5c20b8ce93c79cd)
build-validate-deploy	Set up job	2026-08-25T01:27:28.7977630Z Complete job name: build-validate-deploy
build-validate-deploy	Check out repo	﻿2026-08-25T01:27:28.8824748Z Node 20 is being deprecated. This workflow is running with Node 24 by default. If you need to temporarily use Node 20, you can set the ACTIONS_ALLOW_USE_UNSECURE_NODE_VERSION=true environment variable. For more information see: https://github.blog/changelog/2025-09-19-deprecation-of-node-20-on-github-actions-runners/
build-validate-deploy	Check out repo	2026-08-25T01:27:28.8833797Z ##[group]Run actions/checkout@v4
build-validate-deploy	Check out repo	2026-08-25T01:27:28.8834507Z with:
build-validate-deploy	Check out repo	2026-08-25T01:27:28.8834940Z   repository: jkbrooks1/uw-issy
build-validate-deploy	Check out repo	2026-08-25T01:27:28.8838594Z   token: ***
build-validate-deploy	Check out repo	2026-08-25T01:27:28.8838996Z   ssh-strict: true
build-validate-deploy	Check out repo	2026-08-25T01:27:28.8839412Z   ssh-user: git
build-validate-deploy	Check out repo	2026-08-25T01:27:28.8839835Z   persist-credentials: true
build-validate-deploy	Check out repo	2026-08-25T01:27:28.8840296Z   clean: true
build-validate-deploy	Check out repo	2026-08-25T01:27:28.8840723Z   sparse-checkout-cone-mode: true
build-validate-deploy	Check out repo	2026-08-25T01:27:28.8841218Z   fetch-depth: 1
build-validate-deploy	Check out repo	2026-08-25T01:27:28.8841640Z   fetch-tags: false
build-validate-deploy	Check out repo	2026-08-25T01:27:28.8842058Z   show-progress: true
build-validate-deploy	Check out repo	2026-08-25T01:27:28.8842484Z   lfs: false
build-validate-deploy	Check out repo	2026-08-25T01:27:28.8842910Z   submodules: false
build-validate-deploy	Check out repo	2026-08-25T01:27:28.8843379Z   set-safe-directory: true
build-validate-deploy	Check out repo	2026-08-25T01:27:28.8843865Z   allow-unsafe-pr-checkout: false
build-validate-deploy	Check out repo	2026-08-25T01:27:28.8844582Z env:
build-validate-deploy	Check out repo	2026-08-25T01:27:28.8845054Z   CLOUDFLARE_ACCOUNT_ID: 84f228323707bc1d08ba30d9f76146be
build-validate-deploy	Check out repo	2026-08-25T01:27:28.8845671Z   PAGES_PROJECT_NAME: uw-issy
build-validate-deploy	Check out repo	2026-08-25T01:27:28.8846307Z   CANONICAL_GPX: data/route/UnivWA-Issaquah.gpx
build-validate-deploy	Check out repo	2026-08-25T01:27:28.8846944Z   ROUTE_GEOJSON: public/routes/UnivWA-Issaquah.geojson
build-validate-deploy	Check out repo	2026-08-25T01:27:28.8847721Z   EVIDENCE_SNAPSHOT: data/connectors/evidence/workflow20-status-latest.json
build-validate-deploy	Check out repo	2026-08-25T01:27:28.8848448Z   PUBLIC_DATA_DIR: public/data
build-validate-deploy	Check out repo	2026-08-25T01:27:28.8848925Z ##[endgroup]
build-validate-deploy	Check out repo	2026-08-25T01:27:28.9846009Z Syncing repository: jkbrooks1/uw-issy
build-validate-deploy	Check out repo	2026-08-25T01:27:28.9848196Z ##[group]Getting Git version info
build-validate-deploy	Check out repo	2026-08-25T01:27:28.9849278Z Working directory is '/home/runner/work/uw-issy/uw-issy'
build-validate-deploy	Check out repo	2026-08-25T01:27:28.9850937Z [command]/usr/bin/git version
build-validate-deploy	Check out repo	2026-08-25T01:27:28.9938883Z git version 2.55.0
build-validate-deploy	Check out repo	2026-08-25T01:27:28.9961424Z ##[endgroup]
build-validate-deploy	Check out repo	2026-08-25T01:27:28.9977154Z Temporarily overriding HOME='/home/runner/work/_temp/c1ec031c-e1e6-43d4-b013-58794ceea1f5' before making global git config changes
build-validate-deploy	Check out repo	2026-08-25T01:27:28.9980319Z Adding repository directory to the temporary git global config as a safe directory
build-validate-deploy	Check out repo	2026-08-25T01:27:28.9984126Z [command]/usr/bin/git config --global --add safe.directory /home/runner/work/uw-issy/uw-issy
build-validate-deploy	Check out repo	2026-08-25T01:27:29.0040399Z Deleting the contents of '/home/runner/work/uw-issy/uw-issy'
build-validate-deploy	Check out repo	2026-08-25T01:27:29.0055387Z ##[group]Initializing the repository
build-validate-deploy	Check out repo	2026-08-25T01:27:29.0056758Z [command]/usr/bin/git init /home/runner/work/uw-issy/uw-issy
build-validate-deploy	Check out repo	2026-08-25T01:27:29.0145142Z hint: Using 'master' as the name for the initial branch. This default branch name
build-validate-deploy	Check out repo	2026-08-25T01:27:29.0147127Z hint: will change to "main" in Git 3.0. To configure the initial branch name
build-validate-deploy	Check out repo	2026-08-25T01:27:29.0149010Z hint: to use in all of your new repositories, which will suppress this warning,
build-validate-deploy	Check out repo	2026-08-25T01:27:29.0150581Z hint: call:
build-validate-deploy	Check out repo	2026-08-25T01:27:29.0151569Z hint:
build-validate-deploy	Check out repo	2026-08-25T01:27:29.0152679Z hint: 	git config --global init.defaultBranch <name>
build-validate-deploy	Check out repo	2026-08-25T01:27:29.0154438Z hint:
build-validate-deploy	Check out repo	2026-08-25T01:27:29.0155940Z hint: Names commonly chosen instead of 'master' are 'main', 'trunk' and
build-validate-deploy	Check out repo	2026-08-25T01:27:29.0157709Z hint: 'development'. The just-created branch can be renamed via this command:
build-validate-deploy	Check out repo	2026-08-25T01:27:29.0159174Z hint:
build-validate-deploy	Check out repo	2026-08-25T01:27:29.0160519Z hint: 	git branch -m <name>
build-validate-deploy	Check out repo	2026-08-25T01:27:29.0161541Z hint:
build-validate-deploy	Check out repo	2026-08-25T01:27:29.0162693Z hint: Disable this message with "git config set advice.defaultBranchName false"
build-validate-deploy	Check out repo	2026-08-25T01:27:29.0164427Z Initialized empty Git repository in /home/runner/work/uw-issy/uw-issy/.git/
build-validate-deploy	Check out repo	2026-08-25T01:27:29.0167647Z [command]/usr/bin/git remote add origin https://github.com/jkbrooks1/uw-issy
build-validate-deploy	Check out repo	2026-08-25T01:27:29.0208082Z ##[endgroup]
build-validate-deploy	Check out repo	2026-08-25T01:27:29.0209492Z ##[group]Disabling automatic garbage collection
build-validate-deploy	Check out repo	2026-08-25T01:27:29.0212437Z [command]/usr/bin/git config --local gc.auto 0
build-validate-deploy	Check out repo	2026-08-25T01:27:29.0240871Z ##[endgroup]
build-validate-deploy	Check out repo	2026-08-25T01:27:29.0242909Z ##[group]Setting up auth
build-validate-deploy	Check out repo	2026-08-25T01:27:29.0247303Z [command]/usr/bin/git config --local --name-only --get-regexp core\.sshCommand
build-validate-deploy	Check out repo	2026-08-25T01:27:29.0277406Z [command]/usr/bin/git submodule foreach --recursive sh -c "git config --local --name-only --get-regexp 'core\.sshCommand' && git config --local --unset-all 'core.sshCommand' || :"
build-validate-deploy	Check out repo	2026-08-25T01:27:29.0605005Z [command]/usr/bin/git config --local --name-only --get-regexp http\.https\:\/\/github\.com\/\.extraheader
build-validate-deploy	Check out repo	2026-08-25T01:27:29.0640366Z [command]/usr/bin/git submodule foreach --recursive sh -c "git config --local --name-only --get-regexp 'http\.https\:\/\/github\.com\/\.extraheader' && git config --local --unset-all 'http.https://github.com/.extraheader' || :"
build-validate-deploy	Check out repo	2026-08-25T01:27:29.0838692Z [command]/usr/bin/git config --local --name-only --get-regexp ^includeIf\.gitdir:
build-validate-deploy	Check out repo	2026-08-25T01:27:29.0869706Z [command]/usr/bin/git submodule foreach --recursive git config --local --show-origin --name-only --get-regexp remote.origin.url
build-validate-deploy	Check out repo	2026-08-25T01:27:29.1054837Z [command]/usr/bin/git config --local http.https://github.com/.extraheader AUTHORIZATION: basic ***
build-validate-deploy	Check out repo	2026-08-25T01:27:29.1087072Z ##[endgroup]
build-validate-deploy	Check out repo	2026-08-25T01:27:29.1088386Z ##[group]Fetching the repository
build-validate-deploy	Check out repo	2026-08-25T01:27:29.1096507Z [command]/usr/bin/git -c protocol.version=2 fetch --no-tags --prune --no-recurse-submodules --depth=1 origin +4a8906f306ec4f1ea73ebaad2769ddb2ab84e30e:refs/remotes/origin/main
build-validate-deploy	Check out repo	2026-08-25T01:27:31.2648645Z From https://github.com/jkbrooks1/uw-issy
build-validate-deploy	Check out repo	2026-08-25T01:27:31.2649849Z  * [new ref]         4a8906f306ec4f1ea73ebaad2769ddb2ab84e30e -> origin/main
build-validate-deploy	Check out repo	2026-08-25T01:27:31.2652980Z ##[endgroup]
build-validate-deploy	Check out repo	2026-08-25T01:27:31.2653870Z ##[group]Determining the checkout info
build-validate-deploy	Check out repo	2026-08-25T01:27:31.2657460Z ##[endgroup]
build-validate-deploy	Check out repo	2026-08-25T01:27:31.2663468Z [command]/usr/bin/git sparse-checkout disable
build-validate-deploy	Check out repo	2026-08-25T01:27:31.2708922Z [command]/usr/bin/git config --local --unset-all extensions.worktreeConfig
build-validate-deploy	Check out repo	2026-08-25T01:27:31.2735400Z ##[group]Checking out the ref
build-validate-deploy	Check out repo	2026-08-25T01:27:31.2739728Z [command]/usr/bin/git checkout --progress --force -B main refs/remotes/origin/main
build-validate-deploy	Check out repo	2026-08-25T01:27:31.6523820Z Switched to a new branch 'main'
build-validate-deploy	Check out repo	2026-08-25T01:27:31.6527288Z branch 'main' set up to track 'origin/main'.
build-validate-deploy	Check out repo	2026-08-25T01:27:31.6588290Z ##[endgroup]
build-validate-deploy	Check out repo	2026-08-25T01:27:31.6593505Z [command]/usr/bin/git log -1 --format=%H
build-validate-deploy	Check out repo	2026-08-25T01:27:31.6616015Z 4a8906f306ec4f1ea73ebaad2769ddb2ab84e30e
build-validate-deploy	Set up Node	﻿2026-08-25T01:27:31.6857491Z Node 20 is being deprecated. This workflow is running with Node 24 by default. If you need to temporarily use Node 20, you can set the ACTIONS_ALLOW_USE_UNSECURE_NODE_VERSION=true environment variable. For more information see: https://github.blog/changelog/2025-09-19-deprecation-of-node-20-on-github-actions-runners/
build-validate-deploy	Set up Node	2026-08-25T01:27:31.6859246Z ##[group]Run actions/setup-node@v4
build-validate-deploy	Set up Node	2026-08-25T01:27:31.6859545Z with:
build-validate-deploy	Set up Node	2026-08-25T01:27:31.6859795Z   node-version: 22
build-validate-deploy	Set up Node	2026-08-25T01:27:31.6860051Z   cache: npm
build-validate-deploy	Set up Node	2026-08-25T01:27:31.6860300Z   always-auth: false
build-validate-deploy	Set up Node	2026-08-25T01:27:31.6860591Z   check-latest: false
build-validate-deploy	Set up Node	2026-08-25T01:27:31.6863023Z   token: ***
build-validate-deploy	Set up Node	2026-08-25T01:27:31.6863277Z env:
build-validate-deploy	Set up Node	2026-08-25T01:27:31.6863575Z   CLOUDFLARE_ACCOUNT_ID: 84f228323707bc1d08ba30d9f76146be
build-validate-deploy	Set up Node	2026-08-25T01:27:31.6863960Z   PAGES_PROJECT_NAME: uw-issy
build-validate-deploy	Set up Node	2026-08-25T01:27:31.6864298Z   CANONICAL_GPX: data/route/UnivWA-Issaquah.gpx
build-validate-deploy	Set up Node	2026-08-25T01:27:31.6864689Z   ROUTE_GEOJSON: public/routes/UnivWA-Issaquah.geojson
build-validate-deploy	Set up Node	2026-08-25T01:27:31.6865170Z   EVIDENCE_SNAPSHOT: data/connectors/evidence/workflow20-status-latest.json
build-validate-deploy	Set up Node	2026-08-25T01:27:31.6866057Z   PUBLIC_DATA_DIR: public/data
build-validate-deploy	Set up Node	2026-08-25T01:27:31.6866374Z ##[endgroup]
build-validate-deploy	Set up Node	2026-08-25T01:27:31.8207373Z Found in cache @ /opt/hostedtoolcache/node/22.23.2/x64
build-validate-deploy	Set up Node	2026-08-25T01:27:31.8211495Z (node:2312) [DEP0040] DeprecationWarning: The `punycode` module is deprecated. Please use a userland alternative instead.
build-validate-deploy	Set up Node	2026-08-25T01:27:31.8212380Z (Use `node --trace-deprecation ...` to show where the warning was created)
build-validate-deploy	Set up Node	2026-08-25T01:27:31.8214501Z ##[group]Environment details
build-validate-deploy	Set up Node	2026-08-25T01:27:32.1724151Z node: v22.23.2
build-validate-deploy	Set up Node	2026-08-25T01:27:32.1724706Z npm: 10.9.8
build-validate-deploy	Set up Node	2026-08-25T01:27:32.1725056Z yarn: 1.22.22
build-validate-deploy	Set up Node	2026-08-25T01:27:32.1726318Z ##[endgroup]
build-validate-deploy	Set up Node	2026-08-25T01:27:32.1786090Z [command]/opt/hostedtoolcache/node/22.23.2/x64/bin/npm config get cache
build-validate-deploy	Set up Node	2026-08-25T01:27:32.2760017Z /home/runner/.npm
build-validate-deploy	Set up Node	2026-08-25T01:27:32.4852479Z Cache hit for: node-cache-Linux-x64-npm-40cd14659a76acc26eb4ce498a07639104ba3535c91f6ec62e35f671af1dbb90
build-validate-deploy	Set up Node	2026-08-25T01:27:32.4965286Z (node:2312) [DEP0169] DeprecationWarning: `url.parse()` behavior is not standardized and prone to errors that have security implications. Use the WHATWG URL API instead. CVEs are not issued for `url.parse()` vulnerabilities.
build-validate-deploy	Set up Node	2026-08-25T01:27:33.7175298Z Received 37748736 of 122437262 (30.8%), 36.0 MBs/sec
build-validate-deploy	Set up Node	2026-08-25T01:27:34.2670291Z Received 122437262 of 122437262 (100.0%), 75.3 MBs/sec
build-validate-deploy	Set up Node	2026-08-25T01:27:34.2670912Z Cache Size: ~117 MB (122437262 B)
build-validate-deploy	Set up Node	2026-08-25T01:27:34.2737166Z [command]/usr/bin/tar -xf /home/runner/work/_temp/6e5556a3-54de-4c05-9762-41c1bd554cf7/cache.tzst -P -C /home/runner/work/uw-issy/uw-issy --use-compress-program unzstd
build-validate-deploy	Set up Node	2026-08-25T01:27:34.4921716Z Cache restored successfully
build-validate-deploy	Set up Node	2026-08-25T01:27:34.4972072Z Cache restored from key: node-cache-Linux-x64-npm-40cd14659a76acc26eb4ce498a07639104ba3535c91f6ec62e35f671af1dbb90
build-validate-deploy	Install from lock file	﻿2026-08-25T01:27:34.5110929Z ##[group]Run npm ci
build-validate-deploy	Install from lock file	2026-08-25T01:27:34.5111300Z [36;1mnpm ci[0m
build-validate-deploy	Install from lock file	2026-08-25T01:27:34.5325841Z shell: /usr/bin/bash -e {0}
build-validate-deploy	Install from lock file	2026-08-25T01:27:34.5326169Z env:
build-validate-deploy	Install from lock file	2026-08-25T01:27:34.5326458Z   CLOUDFLARE_ACCOUNT_ID: 84f228323707bc1d08ba30d9f76146be
build-validate-deploy	Install from lock file	2026-08-25T01:27:34.5326796Z   PAGES_PROJECT_NAME: uw-issy
build-validate-deploy	Install from lock file	2026-08-25T01:27:34.5327088Z   CANONICAL_GPX: data/route/UnivWA-Issaquah.gpx
build-validate-deploy	Install from lock file	2026-08-25T01:27:34.5327470Z   ROUTE_GEOJSON: public/routes/UnivWA-Issaquah.geojson
build-validate-deploy	Install from lock file	2026-08-25T01:27:34.5327907Z   EVIDENCE_SNAPSHOT: data/connectors/evidence/workflow20-status-latest.json
build-validate-deploy	Install from lock file	2026-08-25T01:27:34.5328305Z   PUBLIC_DATA_DIR: public/data
build-validate-deploy	Install from lock file	2026-08-25T01:27:34.5328825Z ##[endgroup]
build-validate-deploy	Install from lock file	2026-08-25T01:27:37.8983337Z 
build-validate-deploy	Install from lock file	2026-08-25T01:27:37.8990243Z added 253 packages, and audited 254 packages in 3s
build-validate-deploy	Install from lock file	2026-08-25T01:27:37.8990618Z 
build-validate-deploy	Install from lock file	2026-08-25T01:27:37.8990832Z 87 packages are looking for funding
build-validate-deploy	Install from lock file	2026-08-25T01:27:37.8991195Z   run `npm fund` for details
build-validate-deploy	Install from lock file	2026-08-25T01:27:37.9008305Z 
build-validate-deploy	Install from lock file	2026-08-25T01:27:37.9008877Z 1 high severity vulnerability
build-validate-deploy	Install from lock file	2026-08-25T01:27:37.9009195Z 
build-validate-deploy	Install from lock file	2026-08-25T01:27:37.9009335Z To address all issues, run:
build-validate-deploy	Install from lock file	2026-08-25T01:27:37.9009622Z   npm audit fix
build-validate-deploy	Install from lock file	2026-08-25T01:27:37.9009934Z 
build-validate-deploy	Install from lock file	2026-08-25T01:27:37.9010264Z Run `npm audit` for details.
build-validate-deploy	Confirm canonical GPX exists	﻿2026-08-25T01:27:37.9369322Z ##[group]Run test -f "$CANONICAL_GPX"
build-validate-deploy	Confirm canonical GPX exists	2026-08-25T01:27:37.9369677Z [36;1mtest -f "$CANONICAL_GPX"[0m
build-validate-deploy	Confirm canonical GPX exists	2026-08-25T01:27:37.9393301Z shell: /usr/bin/bash -e {0}
build-validate-deploy	Confirm canonical GPX exists	2026-08-25T01:27:37.9393588Z env:
build-validate-deploy	Confirm canonical GPX exists	2026-08-25T01:27:37.9393878Z   CLOUDFLARE_ACCOUNT_ID: 84f228323707bc1d08ba30d9f76146be
build-validate-deploy	Confirm canonical GPX exists	2026-08-25T01:27:37.9394216Z   PAGES_PROJECT_NAME: uw-issy
build-validate-deploy	Confirm canonical GPX exists	2026-08-25T01:27:37.9394512Z   CANONICAL_GPX: data/route/UnivWA-Issaquah.gpx
build-validate-deploy	Confirm canonical GPX exists	2026-08-25T01:27:37.9394876Z   ROUTE_GEOJSON: public/routes/UnivWA-Issaquah.geojson
build-validate-deploy	Confirm canonical GPX exists	2026-08-25T01:27:37.9395311Z   EVIDENCE_SNAPSHOT: data/connectors/evidence/workflow20-status-latest.json
build-validate-deploy	Confirm canonical GPX exists	2026-08-25T01:27:37.9395845Z   PUBLIC_DATA_DIR: public/data
build-validate-deploy	Confirm canonical GPX exists	2026-08-25T01:27:37.9396091Z ##[endgroup]
build-validate-deploy	Validate GPX	﻿2026-08-25T01:27:37.9467803Z ##[group]Run node scripts/validate-route-source.mjs "$CANONICAL_GPX"
build-validate-deploy	Validate GPX	2026-08-25T01:27:37.9468309Z [36;1mnode scripts/validate-route-source.mjs "$CANONICAL_GPX"[0m
build-validate-deploy	Validate GPX	2026-08-25T01:27:37.9489416Z shell: /usr/bin/bash -e {0}
build-validate-deploy	Validate GPX	2026-08-25T01:27:37.9489692Z env:
build-validate-deploy	Validate GPX	2026-08-25T01:27:37.9489953Z   CLOUDFLARE_ACCOUNT_ID: 84f228323707bc1d08ba30d9f76146be
build-validate-deploy	Validate GPX	2026-08-25T01:27:37.9490295Z   PAGES_PROJECT_NAME: uw-issy
build-validate-deploy	Validate GPX	2026-08-25T01:27:37.9490574Z   CANONICAL_GPX: data/route/UnivWA-Issaquah.gpx
build-validate-deploy	Validate GPX	2026-08-25T01:27:37.9490918Z   ROUTE_GEOJSON: public/routes/UnivWA-Issaquah.geojson
build-validate-deploy	Validate GPX	2026-08-25T01:27:37.9491349Z   EVIDENCE_SNAPSHOT: data/connectors/evidence/workflow20-status-latest.json
build-validate-deploy	Validate GPX	2026-08-25T01:27:37.9491753Z   PUBLIC_DATA_DIR: public/data
build-validate-deploy	Validate GPX	2026-08-25T01:27:37.9491992Z ##[endgroup]
build-validate-deploy	Validate GPX	2026-08-25T01:27:37.9889900Z PASS: data/route/UnivWA-Issaquah.gpx — 1 track(s), 1 segment(s), 1470 point(s), bounds [47.55207, -122.30570] to [47.75889, -122.04414], plausible for UW-Issaquah
build-validate-deploy	Convert GPX to GeoJSON	﻿2026-08-25T01:27:37.9949287Z ##[group]Run node scripts/convert-route-gpx-to-geojson.mjs "$CANONICAL_GPX" "$ROUTE_GEOJSON"
build-validate-deploy	Convert GPX to GeoJSON	2026-08-25T01:27:37.9950009Z [36;1mnode scripts/convert-route-gpx-to-geojson.mjs "$CANONICAL_GPX" "$ROUTE_GEOJSON"[0m
build-validate-deploy	Convert GPX to GeoJSON	2026-08-25T01:27:37.9974740Z shell: /usr/bin/bash -e {0}
build-validate-deploy	Convert GPX to GeoJSON	2026-08-25T01:27:37.9975030Z env:
build-validate-deploy	Convert GPX to GeoJSON	2026-08-25T01:27:37.9975319Z   CLOUDFLARE_ACCOUNT_ID: 84f228323707bc1d08ba30d9f76146be
build-validate-deploy	Convert GPX to GeoJSON	2026-08-25T01:27:37.9975659Z   PAGES_PROJECT_NAME: uw-issy
build-validate-deploy	Convert GPX to GeoJSON	2026-08-25T01:27:37.9976109Z   CANONICAL_GPX: data/route/UnivWA-Issaquah.gpx
build-validate-deploy	Convert GPX to GeoJSON	2026-08-25T01:27:37.9976471Z   ROUTE_GEOJSON: public/routes/UnivWA-Issaquah.geojson
build-validate-deploy	Convert GPX to GeoJSON	2026-08-25T01:27:37.9976917Z   EVIDENCE_SNAPSHOT: data/connectors/evidence/workflow20-status-latest.json
build-validate-deploy	Convert GPX to GeoJSON	2026-08-25T01:27:37.9977351Z   PUBLIC_DATA_DIR: public/data
build-validate-deploy	Convert GPX to GeoJSON	2026-08-25T01:27:37.9977598Z ##[endgroup]
build-validate-deploy	Convert GPX to GeoJSON	2026-08-25T01:27:38.0379487Z PASS: wrote public/routes/UnivWA-Issaquah.geojson — LineString with 1470 point(s)
build-validate-deploy	Validate route GeoJSON	﻿2026-08-25T01:27:38.0437242Z ##[group]Run node scripts/validate-route-geojson.mjs "$ROUTE_GEOJSON"
build-validate-deploy	Validate route GeoJSON	2026-08-25T01:27:38.0437784Z [36;1mnode scripts/validate-route-geojson.mjs "$ROUTE_GEOJSON"[0m
build-validate-deploy	Validate route GeoJSON	2026-08-25T01:27:38.0463669Z shell: /usr/bin/bash -e {0}
build-validate-deploy	Validate route GeoJSON	2026-08-25T01:27:38.0463973Z env:
build-validate-deploy	Validate route GeoJSON	2026-08-25T01:27:38.0464250Z   CLOUDFLARE_ACCOUNT_ID: 84f228323707bc1d08ba30d9f76146be
build-validate-deploy	Validate route GeoJSON	2026-08-25T01:27:38.0464585Z   PAGES_PROJECT_NAME: uw-issy
build-validate-deploy	Validate route GeoJSON	2026-08-25T01:27:38.0464872Z   CANONICAL_GPX: data/route/UnivWA-Issaquah.gpx
build-validate-deploy	Validate route GeoJSON	2026-08-25T01:27:38.0465221Z   ROUTE_GEOJSON: public/routes/UnivWA-Issaquah.geojson
build-validate-deploy	Validate route GeoJSON	2026-08-25T01:27:38.0465656Z   EVIDENCE_SNAPSHOT: data/connectors/evidence/workflow20-status-latest.json
build-validate-deploy	Validate route GeoJSON	2026-08-25T01:27:38.0466217Z   PUBLIC_DATA_DIR: public/data
build-validate-deploy	Validate route GeoJSON	2026-08-25T01:27:38.0466489Z ##[endgroup]
build-validate-deploy	Validate route GeoJSON	2026-08-25T01:27:38.0898692Z PASS: public/routes/UnivWA-Issaquah.geojson — LineString with 1470 coordinate(s), bounds [47.55207, -122.30570] to [47.75889, -122.04414], plausible for UW-Issaquah
build-validate-deploy	Build public monitoring package	﻿2026-08-25T01:27:38.1054838Z ##[group]Run node scripts/build-public-package-snapshot.mjs "$EVIDENCE_SNAPSHOT" "$PUBLIC_DATA_DIR"
build-validate-deploy	Build public monitoring package	2026-08-25T01:27:38.1055623Z [36;1mnode scripts/build-public-package-snapshot.mjs "$EVIDENCE_SNAPSHOT" "$PUBLIC_DATA_DIR"[0m
build-validate-deploy	Build public monitoring package	2026-08-25T01:27:38.1082396Z shell: /usr/bin/bash -e {0}
build-validate-deploy	Build public monitoring package	2026-08-25T01:27:38.1082722Z env:
build-validate-deploy	Build public monitoring package	2026-08-25T01:27:38.1083063Z   CLOUDFLARE_ACCOUNT_ID: 84f228323707bc1d08ba30d9f76146be
build-validate-deploy	Build public monitoring package	2026-08-25T01:27:38.1083519Z   PAGES_PROJECT_NAME: uw-issy
build-validate-deploy	Build public monitoring package	2026-08-25T01:27:38.1083911Z   CANONICAL_GPX: data/route/UnivWA-Issaquah.gpx
build-validate-deploy	Build public monitoring package	2026-08-25T01:27:38.1084451Z   ROUTE_GEOJSON: public/routes/UnivWA-Issaquah.geojson
build-validate-deploy	Build public monitoring package	2026-08-25T01:27:38.1085109Z   EVIDENCE_SNAPSHOT: data/connectors/evidence/workflow20-status-latest.json
build-validate-deploy	Build public monitoring package	2026-08-25T01:27:38.1085502Z   PUBLIC_DATA_DIR: public/data
build-validate-deploy	Build public monitoring package	2026-08-25T01:27:38.1085947Z ##[endgroup]
build-validate-deploy	Build public monitoring package	2026-08-25T01:27:38.1774956Z PASS: wrote 4 public package files to public/data (release 20_STATUS_PUBLISHER-20260824T201500Z-001) — 1 of 21 candidate event(s) eligible for public display, 20 excluded, 0 duplicate(s) merged
build-validate-deploy	Build public monitoring package	2026-08-25T01:27:38.1776815Z NOTE: 26 mapping gap(s) logged (buildspec 11.4):
build-validate-deploy	Build public monitoring package	2026-08-25T01:27:38.1779240Z   - 01_ROUTE_CONDITIONS:KC-03:trail_closure:east_lake_sammamish_trail_louis_thompson_to_inglewood_2026-06-01: King County source states a 600 ft ELST closure between Louis Thompson Rd NE and NE Inglewood Hill Rd; exact endpoint coordinates are not published in project data, so used the official source-linked closure map point instead of the overbroad canonical route-section LineString
build-validate-deploy	Build public monitoring package	2026-08-25T01:27:38.1782720Z   - 03_AIR_QUALITY:PSCAA-02:burn-ban:unknown: routeSegmentId "aqp4_issaquah" has no recognizable 01-10 ordinal section number — cannot derive fallback geometry from the canonical route line — geometry left null
build-validate-deploy	Build public monitoring package	2026-08-25T01:27:38.1784830Z   - 03_AIR_QUALITY:PSCAA-02:burn-ban:unknown: no "geometry" field, no usable event.location.{latitude,longitude}, and no resolvable route segment published by its lane — geometry left null
build-validate-deploy	Build public monitoring package	2026-08-25T01:27:38.1787314Z   - 03_AIR_QUALITY:WASMOKE-01:smoke-context:seattle:unhealthy: routeSegmentId "aqp3_bellevue" has no recognizable 01-10 ordinal section number — cannot derive fallback geometry from the canonical route line — geometry left null
build-validate-deploy	Build public monitoring package	2026-08-25T01:27:38.1790684Z   - 03_AIR_QUALITY:WASMOKE-01:smoke-context:seattle:unhealthy: no "geometry" field, no usable event.location.{latitude,longitude}, and no resolvable route segment published by its lane — geometry left null
build-validate-deploy	Build public monitoring package	2026-08-25T01:27:38.1793974Z   - 05_FLOOD_CONDITIONS:USGS-01:gauge-observation:advisory:monitoring: no "geometry" field published by its lane — used real event.location.{latitude,longitude} as a Point instead (source-native, not invented)
build-validate-deploy	Build public monitoring package	2026-08-25T01:27:38.1801464Z   - 05_FLOOD_CONDITIONS:USGS-02:gauge-observation:advisory:monitoring: no "geometry" field published by its lane — used real event.location.{latitude,longitude} as a Point instead (source-native, not invented)
build-validate-deploy	Build public monitoring package	2026-08-25T01:27:38.1803364Z   - 05_FLOOD_CONDITIONS:USGS-03:gauge-observation:advisory:monitoring: no "geometry" field published by its lane — used real event.location.{latitude,longitude} as a Point instead (source-native, not invented)
build-validate-deploy	Build public monitoring package	2026-08-25T01:27:38.1805331Z   - 05_FLOOD_CONDITIONS:NWPS-01:no-flooding:advisory: no "geometry" field published by its lane — used real event.location.{latitude,longitude} as a Point instead (source-native, not invented)
build-validate-deploy	Build public monitoring package	2026-08-25T01:27:38.1818824Z   - 05_FLOOD_CONDITIONS:NWPS-02:not-defined:advisory: no "geometry" field published by its lane — used real event.location.{latitude,longitude} as a Point instead (source-native, not invented)
build-validate-deploy	Build public monitoring package	2026-08-25T01:27:38.1821692Z   - 05_FLOOD_CONDITIONS:KC-ROAD-01:1d9b4036: no raw geometry/location and no two named endpoint terms in its location text — used the real canonical route line's midpoint within section "05_sammamish_river_trail_bothell_woodinville" (ordinal 5 of 10) as a representative Point instead (source-derived from the canonical route, not invented)
build-validate-deploy	Build public monitoring package	2026-08-25T01:27:38.1824443Z   - 06_TRAIL_INFRASTRUCTURE_STATUS:KC-01:18238ab6: no raw geometry/location and no two named endpoint terms in its location text — used the real canonical route line's midpoint within section "03" (ordinal 3 of 10) as a representative Point instead (source-derived from the canonical route, not invented)
build-validate-deploy	Build public monitoring package	2026-08-25T01:27:38.1827124Z   - 06_TRAIL_INFRASTRUCTURE_STATUS:KC-02:76442ed3: no raw geometry/location and no two named endpoint terms in its location text — used the real canonical route line's midpoint within section "05" (ordinal 5 of 10) as a representative Point instead (source-derived from the canonical route, not invented)
build-validate-deploy	Build public monitoring package	2026-08-25T01:27:38.1830036Z   - 06_TRAIL_INFRASTRUCTURE_STATUS:KC-03:4feb9e4d: no raw geometry/location and no two named endpoint terms in its location text — used the real canonical route line's midpoint within section "09" (ordinal 9 of 10) as a representative Point instead (source-derived from the canonical route, not invented)
build-validate-deploy	Build public monitoring package	2026-08-25T01:27:38.1833623Z   - 06_TRAIL_INFRASTRUCTURE_STATUS:SAM-01:b3d1e147: no raw geometry/location and no two named endpoint terms in its location text — used the real canonical route line's midpoint within section "09" (ordinal 9 of 10) as a representative Point instead (source-derived from the canonical route, not invented)
build-validate-deploy	Build public monitoring package	2026-08-25T01:27:38.1836354Z   - 06_TRAIL_INFRASTRUCTURE_STATUS:SAM-02:0a230e2c: no raw geometry/location and no two named endpoint terms in its location text — used the real canonical route line's midpoint within section "09" (ordinal 9 of 10) as a representative Point instead (source-derived from the canonical route, not invented)
build-validate-deploy	Build public monitoring package	2026-08-25T01:27:38.1840274Z   - 07_GOVERNMENT_SAFETY_ALERTS:DOH-02:08/12/2026|Public Health – Seattle & King County|Health Advisory: Take Steps Now. Measles Stops with Us. (PDF)|: routeSegmentId "WP1_UW" has no recognizable 01-10 ordinal section number — cannot derive fallback geometry from the canonical route line — geometry left null
build-validate-deploy	Build public monitoring package	2026-08-25T01:27:38.1844153Z   - 07_GOVERNMENT_SAFETY_ALERTS:DOH-02:08/12/2026|Public Health – Seattle & King County|Health Advisory: Take Steps Now. Measles Stops with Us. (PDF)|: no "geometry" field, no usable event.location.{latitude,longitude}, and no resolvable route segment published by its lane — geometry left null
build-validate-deploy	Build public monitoring package	2026-08-25T01:27:38.1847829Z   - 07_GOVERNMENT_SAFETY_ALERTS:DOH-02:08/11/2026|Centers for Disease Control and Prevention|Health Advisory: Risk of Severe Arboviral Disease in Patients Receiving B Cell-Depleting or Modulating Medications|: no "geometry" field, no usable event.location.{latitude,longitude}, and no resolvable route segment published by its lane — geometry left null
build-validate-deploy	Build public monitoring package	2026-08-25T01:27:38.1850242Z   - 07_GOVERNMENT_SAFETY_ALERTS:DOH-02:07/23/2026|Yakima Health District|Health Advisory: Potential Exposure to Measles from Visitor at MultiCare Yakima Memorial Hospital|: no "geometry" field, no usable event.location.{latitude,longitude}, and no resolvable route segment published by its lane — geometry left null
build-validate-deploy	Build public monitoring package	2026-08-25T01:27:38.1852544Z   - 07_GOVERNMENT_SAFETY_ALERTS:DOH-02:07/14/2026|Centers for Disease Control and Prevention|Health Advisory: Domestically Acquired Cyclosporiasis Cases in Multiple U.S. States, 2026|: no "geometry" field, no usable event.location.{latitude,longitude}, and no resolvable route segment published by its lane — geometry left null
build-validate-deploy	Build public monitoring package	2026-08-25T01:27:38.1854967Z   - 07_GOVERNMENT_SAFETY_ALERTS:DOH-02:05/22/2026|Washington State Department of Health|Health Alert: Ebola Outbreak in DRC and Uganda; Public Health Monitoring of Returning Travelers|: routeSegmentId "WP1_UW" has no recognizable 01-10 ordinal section number — cannot derive fallback geometry from the canonical route line — geometry left null
build-validate-deploy	Build public monitoring package	2026-08-25T01:27:38.1857664Z   - 07_GOVERNMENT_SAFETY_ALERTS:DOH-02:05/22/2026|Washington State Department of Health|Health Alert: Ebola Outbreak in DRC and Uganda; Public Health Monitoring of Returning Travelers|: no "geometry" field, no usable event.location.{latitude,longitude}, and no resolvable route segment published by its lane — geometry left null
build-validate-deploy	Build public monitoring package	2026-08-25T01:27:38.1860345Z   - 07_GOVERNMENT_SAFETY_ALERTS:DOH-02:05/12/2026|Public Health – Seattle & King County|Three King County residents connected to international cruise ship in Public Health monitoring for Hantavirus|: routeSegmentId "WP1_UW" has no recognizable 01-10 ordinal section number — cannot derive fallback geometry from the canonical route line — geometry left null
build-validate-deploy	Build public monitoring package	2026-08-25T01:27:38.1862805Z   - 07_GOVERNMENT_SAFETY_ALERTS:DOH-02:05/12/2026|Public Health – Seattle & King County|Three King County residents connected to international cruise ship in Public Health monitoring for Hantavirus|: no "geometry" field, no usable event.location.{latitude,longitude}, and no resolvable route segment published by its lane — geometry left null
build-validate-deploy	Build public monitoring package	2026-08-25T01:27:38.1865116Z   - 07_GOVERNMENT_SAFETY_ALERTS:DOH-02:05/08/2026|Centers for Disease Control and Prevention|Health Advisory: 2026 Multi-country Hantavirus Cluster Linked to Cruise Ship|: no "geometry" field, no usable event.location.{latitude,longitude}, and no resolvable route segment published by its lane — geometry left null
build-validate-deploy	Build public monitoring package	2026-08-25T01:27:38.1866532Z NOTE: 20 event(s) excluded from public display:
build-validate-deploy	Build public monitoring package	2026-08-25T01:27:38.1867000Z   - 03_AIR_QUALITY:PSCAA-02:burn-ban:unknown (03_AIR_QUALITY): no_route_impact
build-validate-deploy	Build public monitoring package	2026-08-25T01:27:38.1867593Z   - 03_AIR_QUALITY:WASMOKE-01:smoke-context:seattle:unhealthy (03_AIR_QUALITY): no_route_impact
build-validate-deploy	Build public monitoring package	2026-08-25T01:27:38.1868346Z   - 05_FLOOD_CONDITIONS:USGS-01:gauge-observation:advisory:monitoring (05_FLOOD_CONDITIONS): flood_no_active_category
build-validate-deploy	Build public monitoring package	2026-08-25T01:27:38.1869152Z   - 05_FLOOD_CONDITIONS:USGS-02:gauge-observation:advisory:monitoring (05_FLOOD_CONDITIONS): flood_no_active_category
build-validate-deploy	Build public monitoring package	2026-08-25T01:27:38.1869934Z   - 05_FLOOD_CONDITIONS:USGS-03:gauge-observation:advisory:monitoring (05_FLOOD_CONDITIONS): flood_no_active_category
build-validate-deploy	Build public monitoring package	2026-08-25T01:27:38.1870651Z   - 05_FLOOD_CONDITIONS:NWPS-01:no-flooding:advisory (05_FLOOD_CONDITIONS): flood_below_major
build-validate-deploy	Build public monitoring package	2026-08-25T01:27:38.1871282Z   - 05_FLOOD_CONDITIONS:NWPS-02:not-defined:advisory (05_FLOOD_CONDITIONS): flood_below_major
build-validate-deploy	Build public monitoring package	2026-08-25T01:27:38.1871901Z   - 05_FLOOD_CONDITIONS:KC-ROAD-01:1d9b4036 (05_FLOOD_CONDITIONS): flood_no_active_category
build-validate-deploy	Build public monitoring package	2026-08-25T01:27:38.1872570Z   - 06_TRAIL_INFRASTRUCTURE_STATUS:KC-01:18238ab6 (06_TRAIL_INFRASTRUCTURE_STATUS): public_alert_unqualified
build-validate-deploy	Build public monitoring package	2026-08-25T01:27:38.1873295Z   - 06_TRAIL_INFRASTRUCTURE_STATUS:KC-02:76442ed3 (06_TRAIL_INFRASTRUCTURE_STATUS): public_alert_unqualified
build-validate-deploy	Build public monitoring package	2026-08-25T01:27:38.1874052Z   - 06_TRAIL_INFRASTRUCTURE_STATUS:KC-03:4feb9e4d (06_TRAIL_INFRASTRUCTURE_STATUS): public_alert_unqualified
build-validate-deploy	Build public monitoring package	2026-08-25T01:27:38.1874787Z   - 06_TRAIL_INFRASTRUCTURE_STATUS:SAM-01:b3d1e147 (06_TRAIL_INFRASTRUCTURE_STATUS): public_alert_unqualified
build-validate-deploy	Build public monitoring package	2026-08-25T01:27:38.1875542Z   - 06_TRAIL_INFRASTRUCTURE_STATUS:SAM-02:0a230e2c (06_TRAIL_INFRASTRUCTURE_STATUS): public_alert_unqualified
build-validate-deploy	Build public monitoring package	2026-08-25T01:27:38.1877040Z   - 07_GOVERNMENT_SAFETY_ALERTS:DOH-02:08/12/2026|Public Health – Seattle & King County|Health Advisory: Take Steps Now. Measles Stops with Us. (PDF)| (07_GOVERNMENT_SAFETY_ALERTS): health_alert_excluded
build-validate-deploy	Build public monitoring package	2026-08-25T01:27:38.1878573Z   - 07_GOVERNMENT_SAFETY_ALERTS:DOH-02:08/11/2026|Centers for Disease Control and Prevention|Health Advisory: Risk of Severe Arboviral Disease in Patients Receiving B Cell-Depleting or Modulating Medications| (07_GOVERNMENT_SAFETY_ALERTS): health_alert_excluded
build-validate-deploy	Build public monitoring package	2026-08-25T01:27:38.1880175Z   - 07_GOVERNMENT_SAFETY_ALERTS:DOH-02:07/23/2026|Yakima Health District|Health Advisory: Potential Exposure to Measles from Visitor at MultiCare Yakima Memorial Hospital| (07_GOVERNMENT_SAFETY_ALERTS): health_alert_excluded
build-validate-deploy	Build public monitoring package	2026-08-25T01:27:38.1881694Z   - 07_GOVERNMENT_SAFETY_ALERTS:DOH-02:07/14/2026|Centers for Disease Control and Prevention|Health Advisory: Domestically Acquired Cyclosporiasis Cases in Multiple U.S. States, 2026| (07_GOVERNMENT_SAFETY_ALERTS): health_alert_excluded
build-validate-deploy	Build public monitoring package	2026-08-25T01:27:38.1883379Z   - 07_GOVERNMENT_SAFETY_ALERTS:DOH-02:05/22/2026|Washington State Department of Health|Health Alert: Ebola Outbreak in DRC and Uganda; Public Health Monitoring of Returning Travelers| (07_GOVERNMENT_SAFETY_ALERTS): health_alert_excluded
build-validate-deploy	Build public monitoring package	2026-08-25T01:27:38.1885192Z   - 07_GOVERNMENT_SAFETY_ALERTS:DOH-02:05/12/2026|Public Health – Seattle & King County|Three King County residents connected to international cruise ship in Public Health monitoring for Hantavirus| (07_GOVERNMENT_SAFETY_ALERTS): health_alert_excluded
build-validate-deploy	Build public monitoring package	2026-08-25T01:27:38.1886896Z   - 07_GOVERNMENT_SAFETY_ALERTS:DOH-02:05/08/2026|Centers for Disease Control and Prevention|Health Advisory: 2026 Multi-country Hantavirus Cluster Linked to Cruise Ship| (07_GOVERNMENT_SAFETY_ALERTS): health_alert_excluded
build-validate-deploy	Validate public monitoring package (all four files, cross-file IDs, release IDs)	﻿2026-08-25T01:27:38.1911594Z ##[group]Run node scripts/validate-public-package.mjs "$PUBLIC_DATA_DIR"
build-validate-deploy	Validate public monitoring package (all four files, cross-file IDs, release IDs)	2026-08-25T01:27:38.1912134Z [36;1mnode scripts/validate-public-package.mjs "$PUBLIC_DATA_DIR"[0m
build-validate-deploy	Validate public monitoring package (all four files, cross-file IDs, release IDs)	2026-08-25T01:27:38.1935480Z shell: /usr/bin/bash -e {0}
build-validate-deploy	Validate public monitoring package (all four files, cross-file IDs, release IDs)	2026-08-25T01:27:38.1935895Z env:
build-validate-deploy	Validate public monitoring package (all four files, cross-file IDs, release IDs)	2026-08-25T01:27:38.1936197Z   CLOUDFLARE_ACCOUNT_ID: 84f228323707bc1d08ba30d9f76146be
build-validate-deploy	Validate public monitoring package (all four files, cross-file IDs, release IDs)	2026-08-25T01:27:38.1936526Z   PAGES_PROJECT_NAME: uw-issy
build-validate-deploy	Validate public monitoring package (all four files, cross-file IDs, release IDs)	2026-08-25T01:27:38.1936805Z   CANONICAL_GPX: data/route/UnivWA-Issaquah.gpx
build-validate-deploy	Validate public monitoring package (all four files, cross-file IDs, release IDs)	2026-08-25T01:27:38.1937157Z   ROUTE_GEOJSON: public/routes/UnivWA-Issaquah.geojson
build-validate-deploy	Validate public monitoring package (all four files, cross-file IDs, release IDs)	2026-08-25T01:27:38.1937595Z   EVIDENCE_SNAPSHOT: data/connectors/evidence/workflow20-status-latest.json
build-validate-deploy	Validate public monitoring package (all four files, cross-file IDs, release IDs)	2026-08-25T01:27:38.1937980Z   PUBLIC_DATA_DIR: public/data
build-validate-deploy	Validate public monitoring package (all four files, cross-file IDs, release IDs)	2026-08-25T01:27:38.1938215Z ##[endgroup]
build-validate-deploy	Validate public monitoring package (all four files, cross-file IDs, release IDs)	2026-08-25T01:27:38.2685901Z PASS: public/data — all four public package files are valid, release 20_STATUS_PUBLISHER-20260824T201500Z-001
build-validate-deploy	Run unit tests	﻿2026-08-25T01:27:38.2738302Z ##[group]Run npm test
build-validate-deploy	Run unit tests	2026-08-25T01:27:38.2738572Z [36;1mnpm test[0m
build-validate-deploy	Run unit tests	2026-08-25T01:27:38.2762133Z shell: /usr/bin/bash -e {0}
build-validate-deploy	Run unit tests	2026-08-25T01:27:38.2762410Z env:
build-validate-deploy	Run unit tests	2026-08-25T01:27:38.2762676Z   CLOUDFLARE_ACCOUNT_ID: 84f228323707bc1d08ba30d9f76146be
build-validate-deploy	Run unit tests	2026-08-25T01:27:38.2763033Z   PAGES_PROJECT_NAME: uw-issy
build-validate-deploy	Run unit tests	2026-08-25T01:27:38.2763325Z   CANONICAL_GPX: data/route/UnivWA-Issaquah.gpx
build-validate-deploy	Run unit tests	2026-08-25T01:27:38.2763672Z   ROUTE_GEOJSON: public/routes/UnivWA-Issaquah.geojson
build-validate-deploy	Run unit tests	2026-08-25T01:27:38.2764091Z   EVIDENCE_SNAPSHOT: data/connectors/evidence/workflow20-status-latest.json
build-validate-deploy	Run unit tests	2026-08-25T01:27:38.2764487Z   PUBLIC_DATA_DIR: public/data
build-validate-deploy	Run unit tests	2026-08-25T01:27:38.2764726Z ##[endgroup]
build-validate-deploy	Run unit tests	2026-08-25T01:27:38.5864675Z 
build-validate-deploy	Run unit tests	2026-08-25T01:27:38.5865350Z > uw-issy-route-status@0.1.0 test
build-validate-deploy	Run unit tests	2026-08-25T01:27:38.5866062Z > vitest run
build-validate-deploy	Run unit tests	2026-08-25T01:27:38.5866301Z 
build-validate-deploy	Run unit tests	2026-08-25T01:27:38.8860905Z 
build-validate-deploy	Run unit tests	2026-08-25T01:27:38.8864670Z [1m[30m[46m RUN [49m[39m[22m [36mv4.1.10 [39m[90m/home/runner/work/uw-issy/uw-issy[39m
build-validate-deploy	Run unit tests	2026-08-25T01:27:38.8865422Z 
build-validate-deploy	Run unit tests	2026-08-25T01:27:39.2413757Z FAIL: GPX file does not exist: /tmp/does-not-exist.gpx
build-validate-deploy	Run unit tests	2026-08-25T01:27:39.2458411Z FAIL: Snapshot file does not exist: /tmp/build-pkg-test-P6gasj/missing.json
build-validate-deploy	Run unit tests	2026-08-25T01:27:39.3177585Z FAIL: GPX is not valid XML: mismatched closing tag </trk> (expected </name>)
build-validate-deploy	Run unit tests	2026-08-25T01:27:39.3677612Z FAIL: GPX has no usable route: found 1 track(s) and 0 track point(s); need at least 1 track with at least 2 points
build-validate-deploy	Run unit tests	2026-08-25T01:27:39.4217214Z FAIL: Track point 0 has invalid latitude: 97
build-validate-deploy	Run unit tests	2026-08-25T01:27:39.4726040Z FAIL: Track point 0 has invalid longitude: -190.2
build-validate-deploy	Run unit tests	2026-08-25T01:27:39.5200640Z FAIL: Route bounds are not plausible for the UW-Issaquah route: padded bbox [lat 9.8000..10.2100, lon 9.8000..10.2100] does not contain reference point "UW Seattle" (47.6553, -122.3035)
build-validate-deploy	Run unit tests	2026-08-25T01:27:39.6308408Z  [32m✓[39m tests/public-package/build-public-package-snapshot.test.ts [2m([22m[2m9 tests[22m[2m)[22m[33m 428[2mms[22m[39m
build-validate-deploy	Run unit tests	2026-08-25T01:27:39.6594832Z FAIL: GPX is not valid XML: mismatched closing tag </trk> (expected </name>)
build-validate-deploy	Run unit tests	2026-08-25T01:27:39.6929614Z FAIL: GPX contains no usable track segment (need at least one segment with 2+ points)
build-validate-deploy	Run unit tests	2026-08-25T01:27:39.9407949Z  [32m✓[39m tests/route/gpx-pipeline.test.ts [2m([22m[2m15 tests[22m[2m)[22m[33m 739[2mms[22m[39m
build-validate-deploy	Run unit tests	2026-08-25T01:27:39.9517221Z FAIL: Missing required file: /tmp/pkg-test-i5c2vh/release-manifest.json
build-validate-deploy	Run unit tests	2026-08-25T01:27:39.9928802Z FAIL: dashboard-data.json is missing required field "routeId"
build-validate-deploy	Run unit tests	2026-08-25T01:27:40.0424916Z FAIL: Release IDs do not match across the four files: TEST-RELEASE-001, DIFFERENT-RELEASE
build-validate-deploy	Run unit tests	2026-08-25T01:27:40.0905519Z FAIL: dashboard-data.json references event "evt-does-not-exist" that is missing from route-events.geojson
build-validate-deploy	Run unit tests	2026-08-25T01:27:40.1398702Z FAIL: route-events.geojson feature "evt-1" has an invalid geometry type
build-validate-deploy	Run unit tests	2026-08-25T01:27:40.1517921Z  [32m✓[39m tests/route-status/attach-john-notes.test.ts [2m([22m[2m12 tests[22m[2m)[22m[32m 14[2mms[22m[39m
build-validate-deploy	Run unit tests	2026-08-25T01:27:40.3367951Z  [32m✓[39m tests/ui/rider-impact-grid.test.ts [2m([22m[2m15 tests[22m[2m)[22m[32m 12[2mms[22m[39m
build-validate-deploy	Run unit tests	2026-08-25T01:27:40.3527555Z FAIL: route-events.geojson is not a valid GeoJSON FeatureCollection
build-validate-deploy	Run unit tests	2026-08-25T01:27:40.4019176Z FAIL: route-events.geojson is missing its own release/generated marker
build-validate-deploy	Run unit tests	2026-08-25T01:27:40.4050673Z  [32m✓[39m tests/public-package/validate-public-package.test.ts [2m([22m[2m13 tests[22m[2m)[22m[33m 606[2mms[22m[39m
build-validate-deploy	Run unit tests	2026-08-25T01:27:40.5467627Z  [32m✓[39m tests/ui/dashboard-layout.test.ts [2m([22m[2m9 tests[22m[2m)[22m[32m 11[2mms[22m[39m
build-validate-deploy	Run unit tests	2026-08-25T01:27:40.5958416Z  [32m✓[39m tests/route-status/rider-state.test.ts [2m([22m[2m3 tests[22m[2m)[22m[32m 4[2mms[22m[39m
build-validate-deploy	Run unit tests	2026-08-25T01:27:40.7133354Z  [32m✓[39m tests/route-status/presentation-eligibility.test.ts [2m([22m[2m11 tests[22m[2m)[22m[32m 7[2mms[22m[39m
build-validate-deploy	Run unit tests	2026-08-25T01:27:40.7830694Z  [32m✓[39m tests/route-status/event-marker.test.ts [2m([22m[2m4 tests[22m[2m)[22m[32m 5[2mms[22m[39m
build-validate-deploy	Run unit tests	2026-08-25T01:27:40.8716855Z  [32m✓[39m tests/route-status/john-note-placement.test.ts [2m([22m[2m5 tests[22m[2m)[22m[32m 6[2mms[22m[39m
build-validate-deploy	Run unit tests	2026-08-25T01:27:40.9406832Z  [32m✓[39m tests/components/closures-and-detours.test.ts [2m([22m[2m7 tests[22m[2m)[22m[32m 5[2mms[22m[39m
build-validate-deploy	Run unit tests	2026-08-25T01:27:41.3043561Z  [32m✓[39m tests/public-package/noise-reduction-policy.test.ts [2m([22m[2m46 tests[22m[2m)[22m[33m 2131[2mms[22m[39m
build-validate-deploy	Run unit tests	2026-08-25T01:27:41.3071739Z 
build-validate-deploy	Run unit tests	2026-08-25T01:27:41.3074943Z [2m Test Files [22m [1m[32m12 passed[39m[22m[90m (12)[39m
build-validate-deploy	Run unit tests	2026-08-25T01:27:41.3076326Z [2m      Tests [22m [1m[32m149 passed[39m[22m[90m (149)[39m
build-validate-deploy	Run unit tests	2026-08-25T01:27:41.3077094Z [2m   Start at [22m 01:27:38
build-validate-deploy	Run unit tests	2026-08-25T01:27:41.3098768Z [2m   Duration [22m 2.41s[2m (transform 250ms, setup 0ms, import 527ms, tests 3.97s, environment 2ms)[22m
build-validate-deploy	Run unit tests	2026-08-25T01:27:41.3099202Z 
build-validate-deploy	Type check	﻿2026-08-25T01:27:41.3358754Z ##[group]Run npm run typecheck
build-validate-deploy	Type check	2026-08-25T01:27:41.3359067Z [36;1mnpm run typecheck[0m
build-validate-deploy	Type check	2026-08-25T01:27:41.3381527Z shell: /usr/bin/bash -e {0}
build-validate-deploy	Type check	2026-08-25T01:27:41.3381817Z env:
build-validate-deploy	Type check	2026-08-25T01:27:41.3382076Z   CLOUDFLARE_ACCOUNT_ID: 84f228323707bc1d08ba30d9f76146be
build-validate-deploy	Type check	2026-08-25T01:27:41.3382431Z   PAGES_PROJECT_NAME: uw-issy
build-validate-deploy	Type check	2026-08-25T01:27:41.3382726Z   CANONICAL_GPX: data/route/UnivWA-Issaquah.gpx
build-validate-deploy	Type check	2026-08-25T01:27:41.3383075Z   ROUTE_GEOJSON: public/routes/UnivWA-Issaquah.geojson
build-validate-deploy	Type check	2026-08-25T01:27:41.3383508Z   EVIDENCE_SNAPSHOT: data/connectors/evidence/workflow20-status-latest.json
build-validate-deploy	Type check	2026-08-25T01:27:41.3383909Z   PUBLIC_DATA_DIR: public/data
build-validate-deploy	Type check	2026-08-25T01:27:41.3384146Z ##[endgroup]
build-validate-deploy	Type check	2026-08-25T01:27:41.4290169Z 
build-validate-deploy	Type check	2026-08-25T01:27:41.4291189Z > uw-issy-route-status@0.1.0 typecheck
build-validate-deploy	Type check	2026-08-25T01:27:41.4291861Z > tsc --noEmit -p tsconfig.json
build-validate-deploy	Type check	2026-08-25T01:27:41.4292049Z 
build-validate-deploy	Build app	﻿2026-08-25T01:27:43.3209045Z ##[group]Run npm run build
build-validate-deploy	Build app	2026-08-25T01:27:43.3209349Z [36;1mnpm run build[0m
build-validate-deploy	Build app	2026-08-25T01:27:43.3232126Z shell: /usr/bin/bash -e {0}
build-validate-deploy	Build app	2026-08-25T01:27:43.3232403Z env:
build-validate-deploy	Build app	2026-08-25T01:27:43.3232659Z   CLOUDFLARE_ACCOUNT_ID: 84f228323707bc1d08ba30d9f76146be
build-validate-deploy	Build app	2026-08-25T01:27:43.3232990Z   PAGES_PROJECT_NAME: uw-issy
build-validate-deploy	Build app	2026-08-25T01:27:43.3233281Z   CANONICAL_GPX: data/route/UnivWA-Issaquah.gpx
build-validate-deploy	Build app	2026-08-25T01:27:43.3233757Z   ROUTE_GEOJSON: public/routes/UnivWA-Issaquah.geojson
build-validate-deploy	Build app	2026-08-25T01:27:43.3234183Z   EVIDENCE_SNAPSHOT: data/connectors/evidence/workflow20-status-latest.json
build-validate-deploy	Build app	2026-08-25T01:27:43.3234599Z   PUBLIC_DATA_DIR: public/data
build-validate-deploy	Build app	2026-08-25T01:27:43.3234851Z ##[endgroup]
build-validate-deploy	Build app	2026-08-25T01:27:43.4136925Z 
build-validate-deploy	Build app	2026-08-25T01:27:43.4137819Z > uw-issy-route-status@0.1.0 build
build-validate-deploy	Build app	2026-08-25T01:27:43.4138251Z > astro build
build-validate-deploy	Build app	2026-08-25T01:27:43.4138390Z 
build-validate-deploy	Build app	2026-08-25T01:27:44.9992353Z [2m01:27:44[22m [34m[types][39m Generated [2m590ms[22m
build-validate-deploy	Build app	2026-08-25T01:27:44.9993844Z [2m01:27:44[22m [34m[build][39m output: [34m"static"[39m
build-validate-deploy	Build app	2026-08-25T01:27:44.9994512Z [2m01:27:44[22m [34m[build][39m mode: [34m"static"[39m
build-validate-deploy	Build app	2026-08-25T01:27:44.9995220Z [2m01:27:44[22m [34m[build][39m directory: [34m/home/runner/work/uw-issy/uw-issy/dist/[39m
build-validate-deploy	Build app	2026-08-25T01:27:44.9996081Z [2m01:27:44[22m [34m[build][39m Collecting build info...
build-validate-deploy	Build app	2026-08-25T01:27:44.9998440Z [2m01:27:44[22m [34m[build][39m [32m✓ Completed in 664ms.[39m
build-validate-deploy	Build app	2026-08-25T01:27:45.0012219Z [2m01:27:45[22m [34m[build][39m Building static entrypoints...
build-validate-deploy	Build app	2026-08-25T01:27:45.1796090Z [2m01:27:45[22m [34m[vite][39m [32m✓ built in 143ms[39m
build-validate-deploy	Build app	2026-08-25T01:27:45.4450272Z [2m01:27:45[22m [34m[vite][39m [32m✓ built in 263ms[39m
build-validate-deploy	Build app	2026-08-25T01:27:45.4500404Z [2m01:27:45[22m [34m[build][39m Rearranging server assets...
build-validate-deploy	Build app	2026-08-25T01:27:45.4878755Z 
build-validate-deploy	Build app	2026-08-25T01:27:45.4879988Z [42m[30m generating static routes [39m[49m
build-validate-deploy	Build app	2026-08-25T01:27:45.5061517Z [2m01:27:45[22m   [34m├─[39m [2m/index.html[22m [2m(+18ms)[22m 
build-validate-deploy	Build app	2026-08-25T01:27:45.5062663Z [2m01:27:45[22m [32m✓ Completed in 56ms.
build-validate-deploy	Build app	2026-08-25T01:27:45.5063323Z [39m
build-validate-deploy	Build app	2026-08-25T01:27:45.5080651Z [2m01:27:45[22m [34m[build][39m [32m✓ Completed in 507ms.[39m
build-validate-deploy	Build app	2026-08-25T01:27:45.5083209Z [2m01:27:45[22m [34m[build][39m 1 page(s) built in [1m1.17s[22m
build-validate-deploy	Build app	2026-08-25T01:27:45.5084219Z [2m01:27:45[22m [34m[build][39m [1mComplete![22m
build-validate-deploy	Confirm required built assets exist	﻿2026-08-25T01:27:45.5291523Z ##[group]Run set -e
build-validate-deploy	Confirm required built assets exist	2026-08-25T01:27:45.5291973Z [36;1mset -e[0m
build-validate-deploy	Confirm required built assets exist	2026-08-25T01:27:45.5292305Z [36;1mtest -f dist/index.html[0m
build-validate-deploy	Confirm required built assets exist	2026-08-25T01:27:45.5292794Z [36;1mtest -f "dist/routes/UnivWA-Issaquah.geojson"[0m
build-validate-deploy	Confirm required built assets exist	2026-08-25T01:27:45.5293332Z [36;1mtest -f "dist/data/dashboard-data.json"[0m
build-validate-deploy	Confirm required built assets exist	2026-08-25T01:27:45.5293850Z [36;1mtest -f "dist/data/route-events.geojson"[0m
build-validate-deploy	Confirm required built assets exist	2026-08-25T01:27:45.5294362Z [36;1mtest -f "dist/data/system-health.json"[0m
build-validate-deploy	Confirm required built assets exist	2026-08-25T01:27:45.5294895Z [36;1mtest -f "dist/data/release-manifest.json"[0m
build-validate-deploy	Confirm required built assets exist	2026-08-25T01:27:45.5295632Z [36;1mtest -n "$(find dist/_astro -maxdepth 1 -iname 'RouteMap.*.js' -print -quit)"[0m
build-validate-deploy	Confirm required built assets exist	2026-08-25T01:27:45.5296652Z [36;1mtest -n "$(find dist/_astro -maxdepth 1 -iname 'RouteMap.*.css' -print -quit)"[0m
build-validate-deploy	Confirm required built assets exist	2026-08-25T01:27:45.5297371Z [36;1mecho "PASS: all required built assets present"[0m
build-validate-deploy	Confirm required built assets exist	2026-08-25T01:27:45.5320187Z shell: /usr/bin/bash -e {0}
build-validate-deploy	Confirm required built assets exist	2026-08-25T01:27:45.5320461Z env:
build-validate-deploy	Confirm required built assets exist	2026-08-25T01:27:45.5320728Z   CLOUDFLARE_ACCOUNT_ID: 84f228323707bc1d08ba30d9f76146be
build-validate-deploy	Confirm required built assets exist	2026-08-25T01:27:45.5321129Z   PAGES_PROJECT_NAME: uw-issy
build-validate-deploy	Confirm required built assets exist	2026-08-25T01:27:45.5321411Z   CANONICAL_GPX: data/route/UnivWA-Issaquah.gpx
build-validate-deploy	Confirm required built assets exist	2026-08-25T01:27:45.5321771Z   ROUTE_GEOJSON: public/routes/UnivWA-Issaquah.geojson
build-validate-deploy	Confirm required built assets exist	2026-08-25T01:27:45.5322200Z   EVIDENCE_SNAPSHOT: data/connectors/evidence/workflow20-status-latest.json
build-validate-deploy	Confirm required built assets exist	2026-08-25T01:27:45.5322601Z   PUBLIC_DATA_DIR: public/data
build-validate-deploy	Confirm required built assets exist	2026-08-25T01:27:45.5322849Z ##[endgroup]
build-validate-deploy	Confirm required built assets exist	2026-08-25T01:27:45.5394084Z PASS: all required built assets present
build-validate-deploy	Scan built output for secret-like content	﻿2026-08-25T01:27:45.5417124Z ##[group]Run node scripts/check-public-output-for-secrets.mjs dist
build-validate-deploy	Scan built output for secret-like content	2026-08-25T01:27:45.5417613Z [36;1mnode scripts/check-public-output-for-secrets.mjs dist[0m
build-validate-deploy	Scan built output for secret-like content	2026-08-25T01:27:45.5436301Z shell: /usr/bin/bash -e {0}
build-validate-deploy	Scan built output for secret-like content	2026-08-25T01:27:45.5436574Z env:
build-validate-deploy	Scan built output for secret-like content	2026-08-25T01:27:45.5436832Z   CLOUDFLARE_ACCOUNT_ID: 84f228323707bc1d08ba30d9f76146be
build-validate-deploy	Scan built output for secret-like content	2026-08-25T01:27:45.5437164Z   PAGES_PROJECT_NAME: uw-issy
build-validate-deploy	Scan built output for secret-like content	2026-08-25T01:27:45.5437458Z   CANONICAL_GPX: data/route/UnivWA-Issaquah.gpx
build-validate-deploy	Scan built output for secret-like content	2026-08-25T01:27:45.5437927Z   ROUTE_GEOJSON: public/routes/UnivWA-Issaquah.geojson
build-validate-deploy	Scan built output for secret-like content	2026-08-25T01:27:45.5438359Z   EVIDENCE_SNAPSHOT: data/connectors/evidence/workflow20-status-latest.json
build-validate-deploy	Scan built output for secret-like content	2026-08-25T01:27:45.5438768Z   PUBLIC_DATA_DIR: public/data
build-validate-deploy	Scan built output for secret-like content	2026-08-25T01:27:45.5439011Z ##[endgroup]
build-validate-deploy	Scan built output for secret-like content	2026-08-25T01:27:45.5784328Z PASS: dist — scanned 13 file(s), no secret-like content found
build-validate-deploy	Validate approved public copy allowlist	﻿2026-08-25T01:27:45.5851968Z ##[group]Run node scripts/validate-public-copy-allowlist.mjs dist
build-validate-deploy	Validate approved public copy allowlist	2026-08-25T01:27:45.5852931Z [36;1mnode scripts/validate-public-copy-allowlist.mjs dist[0m
build-validate-deploy	Validate approved public copy allowlist	2026-08-25T01:27:45.5885069Z shell: /usr/bin/bash -e {0}
build-validate-deploy	Validate approved public copy allowlist	2026-08-25T01:27:45.5885555Z env:
build-validate-deploy	Validate approved public copy allowlist	2026-08-25T01:27:45.5886158Z   CLOUDFLARE_ACCOUNT_ID: 84f228323707bc1d08ba30d9f76146be
build-validate-deploy	Validate approved public copy allowlist	2026-08-25T01:27:45.5886802Z   PAGES_PROJECT_NAME: uw-issy
build-validate-deploy	Validate approved public copy allowlist	2026-08-25T01:27:45.5887355Z   CANONICAL_GPX: data/route/UnivWA-Issaquah.gpx
build-validate-deploy	Validate approved public copy allowlist	2026-08-25T01:27:45.5888033Z   ROUTE_GEOJSON: public/routes/UnivWA-Issaquah.geojson
build-validate-deploy	Validate approved public copy allowlist	2026-08-25T01:27:45.5888888Z   EVIDENCE_SNAPSHOT: data/connectors/evidence/workflow20-status-latest.json
build-validate-deploy	Validate approved public copy allowlist	2026-08-25T01:27:45.5889696Z   PUBLIC_DATA_DIR: public/data
build-validate-deploy	Validate approved public copy allowlist	2026-08-25T01:27:45.5890144Z ##[endgroup]
build-validate-deploy	Validate approved public copy allowlist	2026-08-25T01:27:45.6341967Z PASS: public copy allowlist — 13 file(s), 77 approved rows, 0 rejected, 0 pending, 0 unmapped, COPY-048 absent
build-validate-deploy	Deploy to Cloudflare Pages	﻿2026-08-25T01:27:45.6465413Z Node 20 is being deprecated. This workflow is running with Node 24 by default. If you need to temporarily use Node 20, you can set the ACTIONS_ALLOW_USE_UNSECURE_NODE_VERSION=true environment variable. For more information see: https://github.blog/changelog/2025-09-19-deprecation-of-node-20-on-github-actions-runners/
build-validate-deploy	Deploy to Cloudflare Pages	2026-08-25T01:27:45.6466853Z ##[group]Run cloudflare/wrangler-action@v3
build-validate-deploy	Deploy to Cloudflare Pages	2026-08-25T01:27:45.6467130Z with:
build-validate-deploy	Deploy to Cloudflare Pages	2026-08-25T01:27:45.6467687Z   apiToken: ***
build-validate-deploy	Deploy to Cloudflare Pages	2026-08-25T01:27:45.6467927Z   accountId: 84f228323707bc1d08ba30d9f76146be
build-validate-deploy	Deploy to Cloudflare Pages	2026-08-25T01:27:45.6468475Z   command: pages deploy dist --project-name=uw-issy --commit-hash=4a8906f306ec4f1ea73ebaad2769ddb2ab84e30e --branch=main
build-validate-deploy	Deploy to Cloudflare Pages	2026-08-25T01:27:45.6469017Z   quiet: false
build-validate-deploy	Deploy to Cloudflare Pages	2026-08-25T01:27:45.6469221Z env:
build-validate-deploy	Deploy to Cloudflare Pages	2026-08-25T01:27:45.6469467Z   CLOUDFLARE_ACCOUNT_ID: 84f228323707bc1d08ba30d9f76146be
build-validate-deploy	Deploy to Cloudflare Pages	2026-08-25T01:27:45.6469789Z   PAGES_PROJECT_NAME: uw-issy
build-validate-deploy	Deploy to Cloudflare Pages	2026-08-25T01:27:45.6470067Z   CANONICAL_GPX: data/route/UnivWA-Issaquah.gpx
build-validate-deploy	Deploy to Cloudflare Pages	2026-08-25T01:27:45.6470437Z   ROUTE_GEOJSON: public/routes/UnivWA-Issaquah.geojson
build-validate-deploy	Deploy to Cloudflare Pages	2026-08-25T01:27:45.6470863Z   EVIDENCE_SNAPSHOT: data/connectors/evidence/workflow20-status-latest.json
build-validate-deploy	Deploy to Cloudflare Pages	2026-08-25T01:27:45.6471248Z   PUBLIC_DATA_DIR: public/data
build-validate-deploy	Deploy to Cloudflare Pages	2026-08-25T01:27:45.6471495Z ##[endgroup]
build-validate-deploy	Deploy to Cloudflare Pages	2026-08-25T01:27:45.7303743Z ##[group]🔍 Checking for existing Wrangler installation
build-validate-deploy	Deploy to Cloudflare Pages	2026-08-25T01:27:45.7348001Z [command]/opt/hostedtoolcache/node/22.23.2/x64/bin/npx --no-install wrangler --version
build-validate-deploy	Deploy to Cloudflare Pages	2026-08-25T01:27:46.8706887Z npm error npx canceled due to missing packages and no YES option: ["wrangler@4.125.0"]
build-validate-deploy	Deploy to Cloudflare Pages	2026-08-25T01:27:46.8727237Z npm error A complete log of this run can be found in: /home/runner/.npm/_logs/2026-08-25T01_27_45_785Z-debug-0.log
build-validate-deploy	Deploy to Cloudflare Pages	2026-08-25T01:27:46.8867338Z ⚠️ Wrangler not found or version is incompatible. Installing...
build-validate-deploy	Deploy to Cloudflare Pages	2026-08-25T01:27:46.8868499Z ##[endgroup]
build-validate-deploy	Deploy to Cloudflare Pages	2026-08-25T01:27:46.8869817Z ##[group]📥 Installing Wrangler
build-validate-deploy	Deploy to Cloudflare Pages	2026-08-25T01:27:46.8880251Z [command]/opt/hostedtoolcache/node/22.23.2/x64/bin/npm i wrangler@3.90.0
build-validate-deploy	Deploy to Cloudflare Pages	2026-08-25T01:27:51.6020897Z npm warn deprecated rollup-plugin-inject@3.0.2: This package has been deprecated and is no longer maintained. Please use @rollup/plugin-inject.
build-validate-deploy	Deploy to Cloudflare Pages	2026-08-25T01:27:51.7911188Z npm warn deprecated sourcemap-codec@1.4.8: Please use @jridgewell/sourcemap-codec instead
build-validate-deploy	Deploy to Cloudflare Pages	2026-08-25T01:27:55.0720755Z 
build-validate-deploy	Deploy to Cloudflare Pages	2026-08-25T01:27:55.0721881Z added 62 packages, and audited 316 packages in 8s
build-validate-deploy	Deploy to Cloudflare Pages	2026-08-25T01:27:55.0722387Z 
build-validate-deploy	Deploy to Cloudflare Pages	2026-08-25T01:27:55.0722673Z 97 packages are looking for funding
build-validate-deploy	Deploy to Cloudflare Pages	2026-08-25T01:27:55.0723197Z   run `npm fund` for details
build-validate-deploy	Deploy to Cloudflare Pages	2026-08-25T01:27:55.1279913Z 
build-validate-deploy	Deploy to Cloudflare Pages	2026-08-25T01:27:55.1280893Z 5 vulnerabilities (2 moderate, 3 high)
build-validate-deploy	Deploy to Cloudflare Pages	2026-08-25T01:27:55.1281558Z 
build-validate-deploy	Deploy to Cloudflare Pages	2026-08-25T01:27:55.1282429Z To address issues that do not require attention, run:
build-validate-deploy	Deploy to Cloudflare Pages	2026-08-25T01:27:55.1283193Z   npm audit fix
build-validate-deploy	Deploy to Cloudflare Pages	2026-08-25T01:27:55.1283321Z 
build-validate-deploy	Deploy to Cloudflare Pages	2026-08-25T01:27:55.1283441Z To address all issues, run:
build-validate-deploy	Deploy to Cloudflare Pages	2026-08-25T01:27:55.1283705Z   npm audit fix --force
build-validate-deploy	Deploy to Cloudflare Pages	2026-08-25T01:27:55.1283847Z 
build-validate-deploy	Deploy to Cloudflare Pages	2026-08-25T01:27:55.1283965Z Run `npm audit` for details.
build-validate-deploy	Deploy to Cloudflare Pages	2026-08-25T01:27:55.1497458Z ✅ Wrangler installed
build-validate-deploy	Deploy to Cloudflare Pages	2026-08-25T01:27:55.1498402Z ##[endgroup]
build-validate-deploy	Deploy to Cloudflare Pages	2026-08-25T01:27:55.1509590Z [command]/opt/hostedtoolcache/node/22.23.2/x64/bin/npx --no-install wrangler --version
build-validate-deploy	Deploy to Cloudflare Pages	2026-08-25T01:27:55.8221250Z 3.90.0
build-validate-deploy	Deploy to Cloudflare Pages	2026-08-25T01:27:55.8580521Z ##[group]🚀 Running Wrangler Commands
build-validate-deploy	Deploy to Cloudflare Pages	2026-08-25T01:27:55.8593846Z [command]/opt/hostedtoolcache/node/22.23.2/x64/bin/npx wrangler pages deploy dist --project-name=uw-issy --commit-hash=4a8906f306ec4f1ea73ebaad2769ddb2ab84e30e --branch=main
build-validate-deploy	Deploy to Cloudflare Pages	2026-08-25T01:27:57.4625657Z [33m▲ [43;33m[[43;30mWARNING[43;33m][0m [1mWarning: Your working directory is a git repo and has uncommitted changes[0m
build-validate-deploy	Deploy to Cloudflare Pages	2026-08-25T01:27:57.4626386Z 
build-validate-deploy	Deploy to Cloudflare Pages	2026-08-25T01:27:57.4626627Z   To silence this warning, pass in --commit-dirty=true
build-validate-deploy	Deploy to Cloudflare Pages	2026-08-25T01:27:57.4626987Z 
build-validate-deploy	Deploy to Cloudflare Pages	2026-08-25T01:27:57.4626995Z 
build-validate-deploy	Deploy to Cloudflare Pages	2026-08-25T01:27:58.2900103Z Uploading... (11/13)
build-validate-deploy	Deploy to Cloudflare Pages	2026-08-25T01:27:58.7793088Z Uploading... (12/13)
build-validate-deploy	Deploy to Cloudflare Pages	2026-08-25T01:27:58.8086467Z Uploading... (13/13)
build-validate-deploy	Deploy to Cloudflare Pages	2026-08-25T01:27:58.8088274Z ✨ Success! Uploaded 2 files (11 already uploaded) (0.82 sec)
build-validate-deploy	Deploy to Cloudflare Pages	2026-08-25T01:27:58.8088697Z 
build-validate-deploy	Deploy to Cloudflare Pages	2026-08-25T01:28:00.0863307Z 🌎 Deploying...
build-validate-deploy	Deploy to Cloudflare Pages	2026-08-25T01:28:01.4226725Z ✨ Deployment complete! Take a peek over at https://49b172e6.uw-issy.pages.dev
build-validate-deploy	Deploy to Cloudflare Pages	2026-08-25T01:28:01.6669971Z ##[endgroup]
build-validate-deploy	Deploy to Cloudflare Pages	2026-08-25T01:28:01.6718644Z 🏁 Wrangler Action completed
build-validate-deploy	Verify production	﻿2026-08-25T01:28:01.6764033Z ##[group]Run node scripts/verify-production.mjs "https://49b172e6.uw-issy.pages.dev"
build-validate-deploy	Verify production	2026-08-25T01:28:01.6764663Z [36;1mnode scripts/verify-production.mjs "https://49b172e6.uw-issy.pages.dev"[0m
build-validate-deploy	Verify production	2026-08-25T01:28:01.6786397Z shell: /usr/bin/bash -e {0}
build-validate-deploy	Verify production	2026-08-25T01:28:01.6786662Z env:
build-validate-deploy	Verify production	2026-08-25T01:28:01.6786925Z   CLOUDFLARE_ACCOUNT_ID: 84f228323707bc1d08ba30d9f76146be
build-validate-deploy	Verify production	2026-08-25T01:28:01.6787278Z   PAGES_PROJECT_NAME: uw-issy
build-validate-deploy	Verify production	2026-08-25T01:28:01.6787559Z   CANONICAL_GPX: data/route/UnivWA-Issaquah.gpx
build-validate-deploy	Verify production	2026-08-25T01:28:01.6787902Z   ROUTE_GEOJSON: public/routes/UnivWA-Issaquah.geojson
build-validate-deploy	Verify production	2026-08-25T01:28:01.6788335Z   EVIDENCE_SNAPSHOT: data/connectors/evidence/workflow20-status-latest.json
build-validate-deploy	Verify production	2026-08-25T01:28:01.6788725Z   PUBLIC_DATA_DIR: public/data
build-validate-deploy	Verify production	2026-08-25T01:28:01.6788955Z ##[endgroup]
build-validate-deploy	Verify production	2026-08-25T01:28:02.1705847Z PASS: Main page returns success — HTTP 200
build-validate-deploy	Verify production	2026-08-25T01:28:02.1706570Z PASS: Main page contains approved logo URL
build-validate-deploy	Verify production	2026-08-25T01:28:02.1706996Z PASS: Main page email link is correct
build-validate-deploy	Verify production	2026-08-25T01:28:02.1707798Z PASS: Main page main-site link is correct
build-validate-deploy	Verify production	2026-08-25T01:28:02.1711831Z PASS: main page — no secret-like content
build-validate-deploy	Verify production	2026-08-25T01:28:02.1712750Z PASS: main page — no banned mock content
build-validate-deploy	Verify production	2026-08-25T01:28:02.5084747Z PASS: Approved logo loads — HTTP 200
build-validate-deploy	Verify production	2026-08-25T01:28:02.5584434Z PASS: Route GeoJSON returns success — HTTP 200
build-validate-deploy	Verify production	2026-08-25T01:28:02.5590228Z PASS: Route GeoJSON is a FeatureCollection with real geometry
build-validate-deploy	Verify production	2026-08-25T01:28:02.5593292Z PASS: route GeoJSON — no secret-like content
build-validate-deploy	Verify production	2026-08-25T01:28:02.5997377Z PASS: dashboard-data.json returns success — HTTP 200
build-validate-deploy	Verify production	2026-08-25T01:28:02.5998143Z PASS: dashboard-data.json is valid JSON
build-validate-deploy	Verify production	2026-08-25T01:28:02.5998904Z PASS: dashboard-data.json — no secret-like content
build-validate-deploy	Verify production	2026-08-25T01:28:02.5999710Z PASS: dashboard-data.json — no banned mock content
build-validate-deploy	Verify production	2026-08-25T01:28:02.6391865Z PASS: route-events.geojson returns success — HTTP 200
build-validate-deploy	Verify production	2026-08-25T01:28:02.6392761Z PASS: route-events.geojson is valid JSON
build-validate-deploy	Verify production	2026-08-25T01:28:02.6393711Z PASS: route-events.geojson — no secret-like content
build-validate-deploy	Verify production	2026-08-25T01:28:02.6394741Z PASS: route-events.geojson — no banned mock content
build-validate-deploy	Verify production	2026-08-25T01:28:02.6944061Z PASS: system-health.json returns success — HTTP 200
build-validate-deploy	Verify production	2026-08-25T01:28:02.6944722Z PASS: system-health.json is valid JSON
build-validate-deploy	Verify production	2026-08-25T01:28:02.6945237Z PASS: system-health.json — no secret-like content
build-validate-deploy	Verify production	2026-08-25T01:28:02.6946186Z PASS: system-health.json — no banned mock content
build-validate-deploy	Verify production	2026-08-25T01:28:02.7334242Z PASS: release-manifest.json returns success — HTTP 200
build-validate-deploy	Verify production	2026-08-25T01:28:02.7335107Z PASS: release-manifest.json is valid JSON
build-validate-deploy	Verify production	2026-08-25T01:28:02.7336073Z PASS: release-manifest.json — no secret-like content
build-validate-deploy	Verify production	2026-08-25T01:28:02.7336897Z PASS: release-manifest.json — no banned mock content
build-validate-deploy	Verify production	2026-08-25T01:28:02.7337638Z PASS: Release IDs match across all four live public files
build-validate-deploy	Verify production	2026-08-25T01:28:02.7338139Z 
build-validate-deploy	Verify production	2026-08-25T01:28:02.7338993Z NOT checked by this script — requires a real browser, per buildspec 35.3-35.5 and 36:
build-validate-deploy	Verify production	2026-08-25T01:28:02.7339914Z   - Map renders the real route (visual)
build-validate-deploy	Verify production	2026-08-25T01:28:02.7340624Z   - Mobile layout / reading order
build-validate-deploy	Verify production	2026-08-25T01:28:02.7341294Z   - Stale-state and failure-state UI
build-validate-deploy	Verify production	2026-08-25T01:28:02.7342092Z   - Reduced motion, 200% zoom, contrast, touch target size
build-validate-deploy	Verify production	2026-08-25T01:28:02.7343218Z   - Cross-browser matrix (Chrome, Safari, Firefox, Edge, iOS Safari, Android Chrome)
build-validate-deploy	Verify production	2026-08-25T01:28:02.7344001Z 
build-validate-deploy	Verify production	2026-08-25T01:28:02.7344805Z PASS: all 27 automated production checks passed for https://49b172e6.uw-issy.pages.dev
build-validate-deploy	Record build and production proof in project log	﻿2026-08-25T01:28:02.7422683Z ##[group]Run set -e
build-validate-deploy	Record build and production proof in project log	2026-08-25T01:28:02.7422998Z [36;1mset -e[0m
build-validate-deploy	Record build and production proof in project log	2026-08-25T01:28:02.7423205Z [36;1m{[0m
build-validate-deploy	Record build and production proof in project log	2026-08-25T01:28:02.7423404Z [36;1m  echo ""[0m
build-validate-deploy	Record build and production proof in project log	2026-08-25T01:28:02.7423775Z [36;1m  echo "## $(date -u '+%Y-%m-%d %H:%M:%S UTC') — GitHub Actions run 32797613528"[0m
build-validate-deploy	Record build and production proof in project log	2026-08-25T01:28:02.7424243Z [36;1m  echo "- Commit: 4a8906f306ec4f1ea73ebaad2769ddb2ab84e30e"[0m
build-validate-deploy	Record build and production proof in project log	2026-08-25T01:28:02.7424616Z [36;1m  echo "- Triggered by: jkbrooks1"[0m
build-validate-deploy	Record build and production proof in project log	2026-08-25T01:28:02.7424920Z [36;1m  echo "- Workflow result: success"[0m
build-validate-deploy	Record build and production proof in project log	2026-08-25T01:28:02.7425288Z [36;1m  echo "- Deploy URL: https://49b172e6.uw-issy.pages.dev"[0m
build-validate-deploy	Record build and production proof in project log	2026-08-25T01:28:02.7426152Z [36;1m  echo "- Run: https://github.com/jkbrooks1/uw-issy/actions/runs/32797613528"[0m
build-validate-deploy	Record build and production proof in project log	2026-08-25T01:28:02.7426569Z [36;1m} >> 00_BUILD_LOG.md[0m
build-validate-deploy	Record build and production proof in project log	2026-08-25T01:28:02.7426849Z [36;1mgit config user.name "github-actions[bot]"[0m
build-validate-deploy	Record build and production proof in project log	2026-08-25T01:28:02.7427296Z [36;1mgit config user.email "github-actions[bot]@users.noreply.github.com"[0m
build-validate-deploy	Record build and production proof in project log	2026-08-25T01:28:02.7427739Z [36;1mgit add 00_BUILD_LOG.md[0m
build-validate-deploy	Record build and production proof in project log	2026-08-25T01:28:02.7428014Z [36;1mgit diff --cached --quiet && exit 0[0m
build-validate-deploy	Record build and production proof in project log	2026-08-25T01:28:02.7428498Z [36;1mgit commit -m "Record CI build/production proof for 4a8906f306ec4f1ea73ebaad2769ddb2ab84e30e"[0m
build-validate-deploy	Record build and production proof in project log	2026-08-25T01:28:02.7429060Z [36;1m# A rerun executes against its original triggering commit, which can[0m
build-validate-deploy	Record build and production proof in project log	2026-08-25T01:28:02.7429518Z [36;1m# be behind main by the time this step runs (another push, another[0m
build-validate-deploy	Record build and production proof in project log	2026-08-25T01:28:02.7429968Z [36;1m# run's own log-append). Retry with a rebase onto the current tip[0m
build-validate-deploy	Record build and production proof in project log	2026-08-25T01:28:02.7430400Z [36;1m# rather than letting a transient push race fail an otherwise[0m
build-validate-deploy	Record build and production proof in project log	2026-08-25T01:28:02.7430769Z [36;1m# fully green deploy+verify run.[0m
build-validate-deploy	Record build and production proof in project log	2026-08-25T01:28:02.7431054Z [36;1mfor attempt in 1 2 3 4 5; do[0m
build-validate-deploy	Record build and production proof in project log	2026-08-25T01:28:02.7431317Z [36;1m  if git push; then[0m
build-validate-deploy	Record build and production proof in project log	2026-08-25T01:28:02.7431543Z [36;1m    exit 0[0m
build-validate-deploy	Record build and production proof in project log	2026-08-25T01:28:02.7431747Z [36;1m  fi[0m
build-validate-deploy	Record build and production proof in project log	2026-08-25T01:28:02.7432089Z [36;1m  echo "push rejected (attempt $attempt) — fetching and rebasing onto origin/main"[0m
build-validate-deploy	Record build and production proof in project log	2026-08-25T01:28:02.7432522Z [36;1m  git fetch origin main[0m
build-validate-deploy	Record build and production proof in project log	2026-08-25T01:28:02.7433156Z [36;1m  git rebase origin/main || { echo "::warning::Rebase conflict recording build log; leaving proof unpushed for manual reconciliation"; git rebase --abort; exit 0; }[0m
build-validate-deploy	Record build and production proof in project log	2026-08-25T01:28:02.7433809Z [36;1mdone[0m
build-validate-deploy	Record build and production proof in project log	2026-08-25T01:28:02.7434266Z [36;1mecho "::warning::Could not push build-log proof after retries; deploy and verification results above are unaffected"[0m
build-validate-deploy	Record build and production proof in project log	2026-08-25T01:28:02.7455931Z shell: /usr/bin/bash -e {0}
build-validate-deploy	Record build and production proof in project log	2026-08-25T01:28:02.7456234Z env:
build-validate-deploy	Record build and production proof in project log	2026-08-25T01:28:02.7456491Z   CLOUDFLARE_ACCOUNT_ID: 84f228323707bc1d08ba30d9f76146be
build-validate-deploy	Record build and production proof in project log	2026-08-25T01:28:02.7456823Z   PAGES_PROJECT_NAME: uw-issy
build-validate-deploy	Record build and production proof in project log	2026-08-25T01:28:02.7457108Z   CANONICAL_GPX: data/route/UnivWA-Issaquah.gpx
build-validate-deploy	Record build and production proof in project log	2026-08-25T01:28:02.7457609Z   ROUTE_GEOJSON: public/routes/UnivWA-Issaquah.geojson
build-validate-deploy	Record build and production proof in project log	2026-08-25T01:28:02.7458039Z   EVIDENCE_SNAPSHOT: data/connectors/evidence/workflow20-status-latest.json
build-validate-deploy	Record build and production proof in project log	2026-08-25T01:28:02.7458451Z   PUBLIC_DATA_DIR: public/data
build-validate-deploy	Record build and production proof in project log	2026-08-25T01:28:02.7458685Z ##[endgroup]
build-validate-deploy	Record build and production proof in project log	2026-08-25T01:28:02.7689253Z [main 4e4ac1e] Record CI build/production proof for 4a8906f306ec4f1ea73ebaad2769ddb2ab84e30e
build-validate-deploy	Record build and production proof in project log	2026-08-25T01:28:02.7690084Z  1 file changed, 7 insertions(+)
build-validate-deploy	Record build and production proof in project log	2026-08-25T01:28:04.0502130Z To https://github.com/jkbrooks1/uw-issy
build-validate-deploy	Record build and production proof in project log	2026-08-25T01:28:04.0502942Z    4a8906f..4e4ac1e  main -> main
build-validate-deploy	Post Set up Node	﻿2026-08-25T01:28:04.0622431Z Node 20 is being deprecated. This workflow is running with Node 24 by default. If you need to temporarily use Node 20, you can set the ACTIONS_ALLOW_USE_UNSECURE_NODE_VERSION=true environment variable. For more information see: https://github.blog/changelog/2025-09-19-deprecation-of-node-20-on-github-actions-runners/
build-validate-deploy	Post Set up Node	2026-08-25T01:28:04.0623630Z Post job cleanup.
build-validate-deploy	Post Set up Node	2026-08-25T01:28:04.1830359Z (node:3410) [DEP0040] DeprecationWarning: The `punycode` module is deprecated. Please use a userland alternative instead.
build-validate-deploy	Post Set up Node	2026-08-25T01:28:04.1831674Z (Use `node --trace-deprecation ...` to show where the warning was created)
build-validate-deploy	Post Set up Node	2026-08-25T01:28:04.1833731Z Cache hit occurred on the primary key node-cache-Linux-x64-npm-40cd14659a76acc26eb4ce498a07639104ba3535c91f6ec62e35f671af1dbb90, not saving cache.
build-validate-deploy	Post Check out repo	﻿2026-08-25T01:28:04.1936856Z Node 20 is being deprecated. This workflow is running with Node 24 by default. If you need to temporarily use Node 20, you can set the ACTIONS_ALLOW_USE_UNSECURE_NODE_VERSION=true environment variable. For more information see: https://github.blog/changelog/2025-09-19-deprecation-of-node-20-on-github-actions-runners/
build-validate-deploy	Post Check out repo	2026-08-25T01:28:04.1938024Z Post job cleanup.
build-validate-deploy	Post Check out repo	2026-08-25T01:28:04.2727929Z [command]/usr/bin/git version
build-validate-deploy	Post Check out repo	2026-08-25T01:28:04.2766131Z git version 2.55.0
build-validate-deploy	Post Check out repo	2026-08-25T01:28:04.2800733Z Temporarily overriding HOME='/home/runner/work/_temp/c6da985e-929e-42d6-ba94-a25e60528d08' before making global git config changes
build-validate-deploy	Post Check out repo	2026-08-25T01:28:04.2802463Z Adding repository directory to the temporary git global config as a safe directory
build-validate-deploy	Post Check out repo	2026-08-25T01:28:04.2806975Z [command]/usr/bin/git config --global --add safe.directory /home/runner/work/uw-issy/uw-issy
build-validate-deploy	Post Check out repo	2026-08-25T01:28:04.2839228Z [command]/usr/bin/git config --local --name-only --get-regexp core\.sshCommand
build-validate-deploy	Post Check out repo	2026-08-25T01:28:04.2870376Z [command]/usr/bin/git submodule foreach --recursive sh -c "git config --local --name-only --get-regexp 'core\.sshCommand' && git config --local --unset-all 'core.sshCommand' || :"
build-validate-deploy	Post Check out repo	2026-08-25T01:28:04.3086026Z [command]/usr/bin/git config --local --name-only --get-regexp http\.https\:\/\/github\.com\/\.extraheader
build-validate-deploy	Post Check out repo	2026-08-25T01:28:04.3110229Z http.https://github.com/.extraheader
build-validate-deploy	Post Check out repo	2026-08-25T01:28:04.3121887Z [command]/usr/bin/git config --local --unset-all http.https://github.com/.extraheader
build-validate-deploy	Post Check out repo	2026-08-25T01:28:04.3151282Z [command]/usr/bin/git submodule foreach --recursive sh -c "git config --local --name-only --get-regexp 'http\.https\:\/\/github\.com\/\.extraheader' && git config --local --unset-all 'http.https://github.com/.extraheader' || :"
build-validate-deploy	Post Check out repo	2026-08-25T01:28:04.3353054Z [command]/usr/bin/git config --local --name-only --get-regexp ^includeIf\.gitdir:
build-validate-deploy	Post Check out repo	2026-08-25T01:28:04.3388579Z [command]/usr/bin/git submodule foreach --recursive git config --local --show-origin --name-only --get-regexp remote.origin.url
build-validate-deploy	Complete job	﻿2026-08-25T01:28:04.3801784Z Cleaning up orphan processes
build-validate-deploy	Complete job	2026-08-25T01:28:04.4062084Z ##[warning]Node.js 20 is deprecated. The following actions target Node.js 20 but are being forced to run on Node.js 24: actions/checkout@v4, actions/setup-node@v4, cloudflare/wrangler-action@v3. For more information see: https://github.blog/changelog/2025-09-19-deprecation-of-node-20-on-github-actions-runners/
